Traceback (most recent call last):
  File "py_default_default.py", line 12, in <module>
    print('Tableau recopi√©', recopie(t))
  File "py_default_default.py", line 7, in recopie
    tc[i] = t[i]
IndexError: list assignment index out of range
